------------------------------------------------------------------------------------------------------------------------------------------------------------------------------------
------------------------------------------------------------------------------------------------------------------------------------------------------------------------------------
------------------------------------------------------------------------------------------------------------------------------------------------------------------------------------
------------------------------------------------------------------------------------------------------------------------------------------------------------------------------------
------------------------------------------------------------------------------------------------------------------------------------------------------------------------------------
------------------------------------------------------------------------------------------------------------------------------------------------------------------------------------
------------------------------------------------------------------------------------------------------------------------------------------------------------------------------------
------------------------------------------------------------------------------------------------------------------------------------------------------------------------------------
------------------------------------------------------------------------------------------------------------------------------------------------------------------------------------
------------------------------------------------------------------------------------------------------------------------------------------------------------------------------------
------------------------------------------------------------------------------------------------------------------------------------------------------------------------------------
------------------------------------------------------------------------------------------------------------------------------------------------------------------------------------
------------------------------------------------------------------------------------------------------------------------------------------------------------------------------------
------------------------------------------------------------------------------------------------------------------------------------------------------------------------------------
------------------------------------------------------------------------------------------------------------------------------------------------------------------------------------
------------------------------------------------------------------------------------------------------------------------------------------------------------------------------------
------------------------------------------------------------------------------------------------------------------------------------------------------------------------------------
------------------------------------------------------------------------------------------------------------------------------------------------------------------------------------
------------------------------------------------------------------------------------------------------------------------------------------------------------------------------------
------------------------------------------------------------------------------------------------------------------------------------------------------------------------------------
-----------------------------------------################################################################################################-------------------------------------------
-----------------------------------------################################################################################################-------------------------------------------
-----------------------------------------################################################################################################-------------------------------------------
-----------------------------------------#tttttttttttttttttttttttttttttttttttttttttttttttttttttttttttttttttttttttttttttttttttttttttttttb#-------------------------------------------
-----------------------------------------#ttttttttttttttttttttttttttttttttttttttttttttttttttttttttttttttttttttttttttttttttttttttttttttbt#-------------------------------------------
----------------------------------------##tttttttttttttttttttttttttttttttttttttttttttttttttttttttttttttttttttttttttttttttttttttttttttbtt##------------------------------------------
----------------------------------------##ttttttttttttttttttttttttttttttttttttttttttttttttttttttttttttttttttttttttttttttttttttttttttbttt##------------------------------------------
----------------------------------------##tttttttttttttttttbbtttttttttbbbbbbbbbbbbttttttttttttttttttttbttttttttttttttttttttttttttttbtttt##------------------------------------------
----------------------------------------##ttttttttttttttttttbttttttttbttttttbtttttttttttttttttttttttttbttttttttttttttttttttbttttttbttttt##------------------------------------------
----------------------------------------##btttttttttttttttttbtttttttbttttttttbttttttttttttttttttttttttbttttttttttttttttttttbtttttbtttttt##------------------------------------------
----------------------------------------##btttttttttttttttttbttttttbttttttttttbtttttttttttttttttttttttbttttttttttttttttttttbttttbttttttt##------------------------------------------
----------------------------------------#tbtttttttttttttttttbtttttbtbttttttttttbttttttttttttttttttttttbttttttttttttttttttttbtttbtbtttttbb#------------------------------------------
---------------------------------------##btbttttttttttttttttbttttbtttbttttttttttbtttttttttttttttttttttbttttttttttttttttttttbttbtttbtttbtt#------------------------------------------
---------------------------------------##tbtbtttttttttttttttbtttbtttttbttttttttttbttttttttttttttttttttbttttttttttttttttttttbtbtttttbtbttt##-----------------------------------------
---------------------------------------##btttbttttttttttttttbttbtttttttbttttttttttbtttttttttttttttttttbttttttttttttttttttttbbtttttttbtttt##-----------------------------------------
---------------------------------------#btttttbtttttttttttttbtbtttttttttbttttttttttbttttttttttttttttttbttttttttttttttttttttbtttttttttbttt##-----------------------------------------
--------------------------------------##tttttbtbttttttttttttbbtttttttttttbttttttttttbtttttttttttttttttbttttttttttttttttttttbttttttttttbtbb#-----------------------------------------
--------------------------------------##ttttbtttbtttttttttttbtbtttttttttttbttttttttttbttttttttttttttttbttttttttttttttttttttbtttttttttttbtt##----------------------------------------
--------------------------------------##tttbtttttbtttbtttttbtttbbttttttttttbttttttttttbttttttttttbttttbtttttbttttttttttttttbttttttttttttbt##----------------------------------------
-------------------------------------##bbtbtttttttbtb#####b#######################################b###b####b###############b##tttttttttttbt##---------------------------------------
-------------------------------------##ttbtttttttttb#####b#########################################b##b###b################b##ttttttttttttb##---------------------------------------
------------------------------------###tbtttttttttttbtttbtttttttttttttttttttttttttttttttttttttttttttbtbttbtttttttttbbbbbbttbtttttttttttttttb#---------------------------------------
------------------------------------##bbtttttttttttttbtbtbtttttttttttttttttttttttttttttttttttttttttttbbtbttttttttttttttttbtbtttttttttttttttb##--------------------------------------
------------------------------------##btttttttttttttttbtttbtttttttttttttttttttttttttttttttttttttttttttbbttttttttttttttttttbbtttttttttttttttb##--------------------------------------
-----------------------------------##btttttttttttttttbtttttbttttttttttttttttttttttttttttttttttttttttttbttttttttttttttttttttbtttttttttttttttbb##-------------------------------------
----------------------------------##btttttttttttttttbtttttttbtttttttttttttttttttttttttttttttttttttttttbtttttttttttttttttttttbttttttttttttttbt###------------------------------------
---------------------------------##bbttttttttttttttbtttttttttbttttttttttttttttttttttttttttttttttttttttbttttttttttttttttttttttbtttttttttttttbbt##------------------------------------
---------------------------------##bttttttttttttttbtttttttttttbttttttttttttttttttttttttttttttttttttttttbttttttttttttttttttttttbttttttttttttttb###-----------------------------------
--------------------------------##btttttttttttttttbtttttttttttttttttttttttttttttttttttttttttttttttttttttbtttttttttttttttttttttbtttttttttttttttb###----------------------------------
-------------------------------###btttttttttttttttbttttttttttttttttttttttttttttttttttttttttttttttttttttttbtttttttttttttttttttbtbtttttttttttttttb###---------------------------------
-----------------------------####bttttttttttttttttbttttttttttttttttttttttttttttttttbttttttttttttttttttttttbtttttttttttttttttbtttbtttttttttttttttb###--------------------------------
----------------------------####btttttttttttttttttbttttttttttttttttttttttttttttttttbtttttttttttttttttttttttbtttttttttttttttbtttttbtttttttttttttttb####------------------------------
-------------------------######bttttttttttttttttttbtttttttttttttttttttttttttttttttbtbtttttttttttttttttttttttbttttttbttttttbtttttttbtttttttttttttttb######---------------------------
----------------------########btttttttttttttttttttbttttttttttttttttttttttttttttttbtttbtttttttttttttttttttttttbtttttbtttttbtttttttttbtttttttttttttttb########------------------------
----------------------######ttttttttttttttttttttttbtttttttttttttttttttttttttttttbtttttbtttttttttttttttttttttttbtttttbtttbtttttttttttbttttttttttttttttt######------------------------
----------------------##ttttttttttttttttttttttttttbttttttttttttttttttttttttttttbtttttttbtttttttttttttttttttttttbtttttbtbtttttttttttttbtttttttttttttttttttt##------------------------
----------------------##ttttttttttttttttttttttttttbtttttttttttttttttttttttttttbtttttttttbtttttttttttttttttttttttbtttttbtttttttttttttttbttttttttttttttttttt##------------------------
----------------------##ttttttttttttttttttttttttttbttttttttttttttttttttttttttbtttttttttbtbtttttttttttttttttttttttbtttbtttttttttttttttttbtttttttttttttttttt##------------------------
----------------------##tttttttttttttttttttttbttttbtttttbttttttttttbttttttttbtttttttttbtttbtttttttttttttttttttttttbtbtbtttttttbtttttttttbbbbbbbbtttttttttt##------------------------
----------------------##ttttttttttttttttttttt#b###b####b############b######b#######ttbtttttbttttt##################b###b#####b#########ttttttttttttttttttt##------------------------
----------------------##ttttttttttttttttttttt##b##b###b##############b####b########tbtttttttbtttt#################b#####b###b##########ttttttttttttttttttt##------------------------
----------------------##ttttttttttttttttttttt#ttbtbttbttttttttttttttttbttbtttttttt#btttttttttbttt#tttttttttttttttbtttttttbtbtttttttttt#ttttttttttttttttttt##------------------------
----------------------##ttttttttttttttttttttt#tttbbtbttttttttttttttttttbbttttttttt#tttttttttttbtt#ttttttttttttttbtttttttttbbtttttttttt#ttttttttttttttttttt##------------------------
----------------------##ttttttttttbtttttttttt#ttttbbtttttttttttttttttttttttttttttt#ttttttttttbtbt#tttttttttttttbtttttttttttttttttttttt#ttttttttttttttttttt##------------------------
----------------------##tttttttttttbttttttttt#ttttbttttttttttttttttttttttttttttttt#tttttttttbtttb#ttttttttttttbttttttttttttttttttttttt#ttttttttttttttttttt##------------------------
----------------------##ttttttttttttbtttttttt#ttttbttttttttttttttttttttttttttttttt#ttttttttbtttttbtttttttttttbtttttttttttttttttttttttt#ttttttttttttttttttt##------------------------
----------------------##tttttttttttttbttttttt#ttttbttttttttttttttttttttttttttttttt#tttttttbtttttt#btttttttttbttttttttttttttttttttttttt#ttttttttttttttttttt##------------------------
----------------------##ttttttttttttttbtttttt#ttttbttttttttttttttttttttttttttttttt#ttttttbttttttt#tbtttttttbtttttttttttttttttttttttttt#ttttttttttttttttttt##------------------------
----------------------##tttttttttttttttbttttt#ttttbttttttttttttttttttttttttttttttt#tttttbtttttttt#ttbtttttbttttttttttttttttttttttttttt#ttttttttttttttttttt##------------------------
----------------------##ttttttttttttttttbtttt#ttttbtttttbttttttttttttttttttttttttt#ttbbbttttttttt#tttbtttbtbtttttttttttttttttttttttttt#ttttttttttttttttttt##------------------------
----------------------##tttttttttttttttttbttt#ttttbtttttbttttttttttttttttttttttttt#ttbttttttttttt#ttttbtbtttbttttttttttttttttttttttttt#btttttttttttttttttt##------------------------
----------------------##ttttttttttttttttttbtt#ttttbttttbtbtttttttttttttttttttttttt#tbtttttttttttt#tttttbtttttbtttttttttttttttttttttttt#btttttttttttttttttt##------------------------
----------------------##tttttttttttttttttttbt#ttttbtttbtttbttttttttttttttttttttttt#bttttttttttttt#ttttbtttttttbtttttttttttttttttttttttbtbttttttttttttttttt##------------------------
----------------------##ttttttttttttttttttttb#ttttbttbtttttbbbbbbbbbttttttttttbbbbbtttttttttttttt#tttbtttttttttbtttttttbttttttttttbbbb#ttbtttttttttttttttt##------------------------
----------------------##tttttttttttttttttttbtbttttbtbttttttttttttttttttttttttttttt#tttttttttttttt#ttbtttttttttttbtttttbttttttttttttttt#tttbttttttttttttttt##------------------------
----------------------##ttttttttttttttttttbtt#btttbbtttttttttttttttttttttttttttttt#tttttttttttttt#tbtttttttttttttbtttbtttttttttttttttt#ttttbtttttttttttttt##------------------------
----------------------##tttttttttttttttttbttt#tbttbttttttttttttttttttttttttttttttt#tttttttttttttt#btttttttttttttttbtbttttttttttttttttt#tttttbttttttttttttt##------------------------
----------------------##ttttttttttttttttbtttt#ttbtbttttttttttttttttttttttttttttttt#ttttttttttttttbtttttttttttttttttbtttttttttttttttttt#ttttttbtttttttttttt##------------------------
----------------------##tttttttttttttttbttttt#tttbbttttttttttttttttttttttttttttttt#tttttttttttttb#ttttttttttttttttttbttttttttttttttttt#tttttttbttttttttttt##------------------------
----------------------##ttttttttttttttbtttttt#ttbtbttttttttttttttttttttttttttttttt#ttttttttttttbt#tttttttttttttttttttbtttttttttttttttt#ttttttttbtttttttttt##------------------------
----------------------##tttttttttttttbttttttt#tbttbttttttttttttttttttttttttttttttt#tttttttttttbtt#ttttttttttttttttttttbttttttttttttttt#tttttttbttttttttttt##------------------------
----------------------##ttttttttttttbtttttttt#bttttbtttttttttttttttttttttttttttttt#ttttttttttbttt#tttttttttttttttttttbtbtttttttttttttt#ttttttbtttttttttttt##------------------------
----------------------##tttttttttttbttttttttt#ttttttbttttttttttttttttttttttttttttt#tttttttttbtttt#ttttttttttttttttttbtttbttttttttttttt#tttttbttttttttttttt##------------------------
----------------------##ttttttttttbtttttttttt#tttttttbtttttttttttttttttttttttttttt#ttttttttbttttt#tttttttttttttttttbtttttbtttttttttttt#ttttbtttttttttttttt##------------------------
----------------------##ttttttttttttttttttttt#ttttttttbttttttttttttttttbtttttttttt#tttttttbtttttt#ttttttttttttttttbtttttttbbtttttttttt#tttbttttttttttttttt##------------------------
----------------------##ttttttttttttttttttttt#tttttttbtbtttttttttttttttbtttttttttt#ttttttbttttttt#tttttttttttttttbtttttttttbtttttttttt#ttbtbtttttttttttttt##------------------------
----------------------##ttttttttttttttttttttt#ttttttbtttbtttttttttttttbttttttttttt#tttttbtbtttttt#ttttttttttttttbtttttttttttbttttttttt#tbtttbttttttttttttt##------------------------
----------------------##ttttttttttttttttttttt#tttttbtttttbtttttttttttbtttttttttttt#ttttbtttbttttt#tttttttttttttbtttttttttttttbtttttttt#btttttbtttttttttttt##------------------------
----------------------##ttttttttttttttttttttt#ttttbtttttttbtttttttttbttttttttttttt#tttbtttttbbttt#ttttttttttttbtttttttttttttttbtttttttbtttttttbttttttttttt##------------------------
----------------------##ttttttttttttttttttttt#tttbtttttttttbtttttttbtttttttttttttt#ttbttttttttbtt#tttttttttttbtttttttttttttttttbtttttb#ttttttttbtttttttttt##------------------------
----------------------##ttttttttttttttttttttt#ttbtttttttttttbtttttbttttttttttttttt#tbttttttttttbb#ttttttttttbtttttttttttttttttttbtttbt#tttttttttbtbttttttt##------------------------
----------------------##ttttttttttttttttttttt#tbtttttttttttbtbtttbtttttttttttttttt#bttttttttttttt#ttttttttttbttttttttttttttttttbtbtbtt#ttttttttttbtttttttt##------------------------
----------------------##ttttttttttttttttttttt#btttttttttttbtttbtbtttttttttttttttttbtttttttttttttt#ttttttttttttttttttttttttttttbtttbttt#tttttttttttbttttttt##------------------------
----------------------##tttttttttttttttttttttbttttttttttbbtttttbtttttttttttttttttb#tttttttttttttt#tttttttttttttttttttttttttttbtttttbtt#ttttttttttttbtttttt##------------------------
----------------------##ttttttttttttttttttttb#ttttttttttttttttttbtttttttttttttttbt#tttttttttttttt#ttttttttttttttttttttttttttbtttttttbt#tttttttttttttbttttt##------------------------
----------------------##tttttttttttttttttttbt#tttttttttttttttttttbtttbbttttttttbtb#tttttttttttttt#tttttttttttttttttttttttttbtttttttttb#ttttttttttttttbtttt##------------------------
----------------------##ttttttttttttttttttbtt#ttttttttttttttttttttbtttbtttttttbtbt#tttttttttttttt#ttttttttttttttttttttttttttttttttttttbtttttttttttttttbttt##------------------------
----------------------##tttttttttttttttttbttt#tttttttttttttttttttttbtbtttttttbtttb#tttttttttttttt#tttttttttttttttttttttttttttttttttttt#btttttttttttttttbtt##------------------------
----------------------##ttttttttttttttttbtttt#ttttttttttttttttttttttbtttttttbtttttbtttttttttttttt#tttttttttttttttttttttttttttttttttttt#bttttttttttttttttbt##------------------------
----------------------##tttttttttttttttbttttt#tttttttttttttttttttttttbtttttbtttttt#bttttttttttttt#tttttttttttttttttttttttttttttttttttt#btttttttttttttttttb##------------------------
----------------------##ttttttttttttttbtttttt#ttttttttttttttttttttttttbtttbttttttt#tttttttttttttt#tttttttttttttttttttttttttttttttttttt#btttttttttttttttttb##------------------------
----------------------##tttttttttttttbttttttt#tttttttttttttttttttttttttbtbtttttttt#tttttttttttbtt#tttttttttttttttttttttttttttttttttttt#btttttttttttttttttb##------------------------
----------------------##ttttttttttttbtttttttt#ttttttttttttttttttttttttttbttttttttt#ttttttttttttbt#bttttttttttbtttttttttttttttttttttttt#btttttttttttttttttb##------------------------
----------------------##ttttttttttbbttttttttt#tttttttttttttttttttttttttttbtttttttt#tttttttttttttb#bttttttttttbtttttttttttttttttttttttt#btttttttttttttttttt##------------------------
----------------------##ttttttttttbtttttttttt#############################b########ttttttttttttttbb#########b##########################btttttttttttttttttt##------------------------
----------------------##ttttttttttbtttttttttt############################b#b#######tttttttttttttt#b########b###########################btttttttttttttttttt##------------------------
----------------------##ttttttttttbtttttttttttttttttttttttttttttttttttttbtttbtttttttttttttttttttttbtttttttbttttttttttttttttttttttttttttbtttttttttttttttttt##------------------------
----------------------##ttttttttttbttttttttttttttttttttttttttttttttttttbtttttbtttttttttttttttttttttbtttttbtttttttttttttttttttttttttttttbtttttttttttttttttt##------------------------
----------------------##ttttttttttbtttttttttttttttttttttttttttttttttttbtttttttbtttttttttttttttttttttbtttbttttttttttttttttttttttttttttttbtttttttttttttttttt##------------------------
----------------------##ttttttttttbttttttttttttttttttttttttttttttttttbtttttttttbtttttttttttttttttttttbtbtttttttttttttttttttttttttttttttbtttttttttttttttttt##------------------------
----------------------##ttttttttttbtttttttttttttttttttttttttttttttttbtttttttttttbtttttttttttttttttttttbttttttttttttttttttttttttttttttttbtttttttttttttttttt##------------------------
----------------------##ttttttttttbttttttttttttttttttttttttttttttttbtttttttttttttbtttttttttttttttttttttbtttttttttttttttttttttttttttttttbtttttttttttttttttt##------------------------
----------------------##ttttttttttbtttttttttttttttttttbbttttttttttbtttttttttttttttbbttttttttttttttttttttbbbbbbbbbbbbtttttttttttttttttttbtttttttttttttttttt##------------------------
----------------------##ttttttttttbtttttttttttttttttttbttttttttttttttttttttttttttttbtttttttttttttttttttbttttttttttttttttttttttttttttttttbtttttttttbttttttt##------------------------
----------------------##ttttttttttbbtttttttttttttttttbttttttttttttttttttttttttttttttbtttttttttttttttttbttttttttttttttttttttttttttttttttttbtttttttbtttttttt##------------------------
----------------------##ttttttttttbtbtttttttttttttttbttttttttttttttttttttttttttttttttbtttttttttttttttbttttttttttttttttttttttttttttttttttttbtttttbttttttttt##------------------------
----------------------##ttttttttttbttbtttttttttttttbttttttttttttttttttttttttttttttttttbtttttttttttttbttttttttttttttttttttttttttttttttttttttbtttbtttttttttt##------------------------
----------------------##ttttttttttbtttbtttttttttttbttttttttttttttttttttttttttttttttttttbtttttttttttbttttttttttttttttttttttttttttttttttttttttbtbttttttttttt##------------------------
----------------------##ttttttttttbttttbtttttttttbttttttttttttttttttttttttttttttttttttttbtttttttttbttttttttttttttttttttttttttttttttttttttttttbtttttttttttt##------------------------
----------------------##ttttttttttbtttttbtttttttbttttttttttttttttttttttttttttttttttttttttbtttttttbttttttttttttttttttttttttttttttttttttttttttttbttttttttttt##------------------------
----------------------##ttttttttttbttttttbtttttbttttttttttttttttttttttttttttttttttttttttttbtttttbttttttttttttttttttttttttttttttttttttttttttttttbtttttttttt##------------------------
----------------------##ttttttttttbtttttttbtttbttttttttttttttttttttttttttttttttttttttttttttbtttbttttttttttttttttttttttttttttttttttttttttttttttbbtttttttttt##------------------------
----------------------##ttttttttttbttttttttbtbttttttttttttttttttttttttttttttttttttttttttttttbtbttttttttttttttttttttttttttttttttttttttttttttttbtbtttttttttt##------------------------
----------------------##ttttttttttbtttttttttb######################################ttttttttbtbttt######################################bbtttbttbtttttttttt##------------------------
----------------------##tttttttttttttttttttttb#####################################tttttttbtttbtt######################################ttbtbtttbtttttttttt##------------------------
----------------------##ttttttttttttttttttttt#b####################################ttttttbtttttbt######################################tttbtttttbttttttttt##------------------------
----------------------##ttttttttttttttttttttt#tbtttttttttttttttttttttttttttttttttt#tttttbtttttttb#tttttttttttttttttttttttttttttttttttt#ttttttttttbtttttttt##------------------------
----------------------##ttttttttttttttttttttt#ttbtttttttttttttttttttttbbtttttttttt#ttttbttttttttbbttttttttttttttttttttttttbbtttttttttt#ttttttttttbtttttttt##------------------------
----------------------##ttttttttttttttttttttt#tttbtttttttttttttttttttbtttttttttttt#tttbtttttttttb#bttttttttttttttttttttttbtttttttttttt#ttttttttttbtttttttt##------------------------
----------------------##ttttttttttttttttttttt#ttbtbtttttttttttttttttbttttttttttttt#ttbttttttttttt#tbttttttttttttttttttttbttttttttttttt#ttttttttttbtttttttt##------------------------
----------------------##ttttttttttttttttttttt#tbtttbtttttttttttttttbtttttttttttttt#tbtttttttttttt#ttbttttttttttttttttttbtttttttttttttt#ttttttttttbtttttttt##------------------------
----------------------##ttttttttttttttttttttt#btttttbtttttttttttttbttttttttttttttt#bttttttttttttt#tttbttttttttttttttttbttttttttttttttt#ttttttttttbtttttttt##------------------------
----------------------##tttttttttttttttttttttbtttttttbtttttttttttbtttttttttttttttt#bttttttttttttt#ttbtbttttttttttttttbtttttttttttttttt#ttttttttttbtttttttt##------------------------
----------------------##ttttttttttttttttttttb#ttttttttbtttttttttbtttttttttttttttttbtttttttttttttt#tbtttbttttttttttttbttttttttttttttttt#ttttttttttbtttttttt##------------------------
----------------------##tttttttttttttttttttbt#tttttttttbtttttttbtttttttttttttttttb#tttttttttttttt#btttttbttttttttttbtttttttttttttttttt#ttttttttttbtttttttt##------------------------
----------------------##ttttttttttttttttttbtt#ttttttttttbtttttbtttttttttttttttttbt#ttttttttttttttbtttttttbbbbtttttbttttttttttttttttttt#ttttttttttbttbbtttt##------------------------
----------------------##tttttttttttttttttbttt#tttttttttttbtttbtttttttttttttttttbtt#tttttttttttttb#tttttttttttbtttbtttttttttttttttttttt#ttttttttttbtbtttttt##------------------------
----------------------##ttttttttttttttttbtttt#ttttttttttttbtbtttttttttttttttttbttt#ttttttttttttbt#ttttttttttttbtbttttttttttttttttttttt#tttttttttbtbttttttt##------------------------
----------------------##tttttttttttttttbttttt#tttttttttttttbtttttttbttttttttttbttt#tttttttttttbtt#tttttttttttttbtttttttbtttttttttbbttt#ttttttttbtttttttttt##------------------------
----------------------##ttttttttttttttbtttttt#ttttttttttttttbtttttbttttttttttttttt#tttttttttttbtt#ttttttttttttttbtttttbtttttttttbttttt#ttttttttbtttttttttt##------------------------
----------------------##tttttttttttttbttttttt#tttttttttttttttbtttbtttttttttttttttt#ttttttttttttbt#tttttttttttttttbtttbtttttttttbtttttt#tttttttbbtttttttttt##------------------------
----------------------##ttttttttttttbtttttttt#ttttttttttttttttbtbttttttttttttttttt#tttttttttttttt#ttttttttttttttttbtbtttttttttbttttttt#ttttttbtbtttttttttt##------------------------
----------------------##tttttttttttbttttttttt#tttttttttttttttttbtttttttttttttttttt#tttttttttttttt#tttttttttttttttttbtttttttttbtttttttt#tttttbttbtttttttttt##------------------------
----------------------##ttttttttttbtttttttttt#ttttttttttttttttttbttttttttttttttttt#tttttttttttttt#ttttttttttttttttttbtttttttbttttttttt#ttttbtttbtttttttttt##------------------------
----------------------##ttttttttttbtttttttttt#tttttttttttttttttttbtttttttttttttttt#tttttttttttttt#tttttttttttttttttttbtttttbtttttttttt#tttbttttbtttttttttt##------------------------
----------------------##ttttttttttbtttttttttt#ttttttttttttttttttttbttttttttttttttt#tttttttttttttt#ttttttttttttttttttttbtttbttttttttttt#ttbtttttbtttttttttt##------------------------
----------------------##ttttttttttbtttttttttt#tttttttttttttttttttbtbtttttttttttttt#tttttttttttttt#tttttttttttttttttttbtbtbtttttttttttt#tbttttttbtttttttttt##------------------------
----------------------##ttttttttttbtttttttttt#ttttttttttttttttttbtttbttttttttttttt#tttttttttttttt#ttttttttttttttttttbtttbttttttttttttt#btttttttbtttttttttt##------------------------
----------------------##ttttttttttbtttttttttt#tttttttttttttttttbtttttbtttttttttttt#tttttttttttttt#tttttttttttttttttbtttttbtttttttttttt#ttttttttbtttttttttt##------------------------
----------------------##ttttttttttbtttttttttt#ttttttttttttttttbtttttttbbtttttttttt#tttttttttttttt#ttttttttttttttttbtttttttbbtttttttttt#tttttttttbttttttttt##------------------------
----------------------##ttttttttttbtttttttttt#tttttttttttttttbtttttttttbtttttttttt#tttttttttttttt#tttttttttttttttbtttttttttttttttttttt#ttttttttttbtttttttt##------------------------
----------------------##ttttttttttbtttttttttt#ttttttttttttttbtttttttttttbttttttttt#tttbtttttttttt#ttttttttttttttbtbttttttttttttttttttt#ttttttttttbtttttttt##------------------------
----------------------##ttttttttttbtttttttttt#tttttttttttttbtttttttttttttbtttttttt#ttbttttttttttt#tttttttttttttbtttbtttttttttttttttttt#ttttttttttbtttttttt##------------------------
----------------------##ttttttttttbtttttttttt#ttttttttttttbtttttttttttttttbttttttt#bbtttttttttttt#ttttttttttttbtttttbttttttttttttttttt#ttttttttttbtttttttt##------------------------
----------------------##ttttttttttbtttttttttt#tttttttttttbtttttttttttttttttbtttttt#bttttttttttttt#tttttttttttbtttttttbtttttttttttttttt#ttttttttttbtttttttt##------------------------
----------------------##ttttttttttbtttttttttt#ttttttttttbtttttttttttttttttttbtttttbtttttttttttttt#ttttttttttbtttttttttbttttttttttttttt#ttttttttttbtttttttt##------------------------
----------------------##ttttttttttbtttttttttt#ttttttttttbttttttttttttttttttbtbtttb#tttttttttttttt#ttttttttttbttttttttttbtttttttttttttt#ttttttttttbtttttttt##------------------------
----------------------##ttttttttttbtttttttttt#ttttttttttttttttttttttttttttbtttbtbt#tttttttttttttt#ttttttttttttttttttttttbttttttttttttt#ttttttttttbtttttttt##------------------------
----------------------##ttttttttttbtttttttttt#tttttttttttttttttttttttttttbtttttbtt#tttttttttttttt#tttttttttttttttttttttttbtttttttttttt#ttttttttttbbttttttt##------------------------
----------------------##ttttttttttbtttttttttt#ttttttttttttttttttttttttttbtttttttbt#tttttttttttttt#ttttttttttttttttttttttttbttttttttttt#ttttttttttbtbtttttt##------------------------
----------------------##ttttttttttbtttttttttt#tttttttttttttttttttttttttbtttttttttb#tttttttttttttt#tttttttttttttttttttttttttbtttttttttt#tttttttttttttbttttt##------------------------
----------------------##ttttttttttbtttttttttt#ttttttttttttttttttttttttttttttttttttbtttttttttttttt#tttttttttttttttttttttttttttttttttttt#ttttttttttttttbtttt##------------------------
----------------------##ttttttttttbtttttttttt#tttttttttttttttttttttttttttttttttttt#btttttttttttbt#tttttttttttttttttttttttttttttttttttt#ttttttttttttttttttt##------------------------
----------------------##ttttttttttbtttttttttt#tttttttttttttttttttttttttttttttttttt#bbtttttttttbtb#tttttttttttttttttttttttttttttttttttt#ttttttttttttttttttt##------------------------
----------------------##tttttttttttbttttttttt#tttttttttttttttttttttttttttttttttttt#btbtttttttbtbt#tttttttttttttttttttttttttttttttttttt#ttttttttttttttttttt##------------------------
----------------------##ttttttttttttbtttttttt#tttttttttttttttttttttttttttttttttttt#bttbtttttbtttb#tttttttttttttttttttttttttttttttttttt#ttttttttttttttttttt##------------------------
----------------------##tttttttttttttbttttttt#tttttttttttttttttttttttttttttttttttt#btttbtttbtttttbtttttttttttttttttttttttttttttttttttt#ttttttttttttttttttt##------------------------
----------------------##ttttttttttttttbtttttt#btttttttttbbtttttttttttttttttttttttt#bttttbtbtttttt#btttttttttbbtttttttttttttttttttttttt#ttttttttttttttttttt##------------------------
----------------------##tttttttttttttttbtttttbtttttttttbtttttttttttttttttttttttttt#btttttbttttttt#tttttttttbtttttttttttttttttttttttttt#ttttttttttttttttttt##------------------------
----------------------##ttttttttttttttttbtttb#########b############################bttttttbtttttt#########b############################ttttttttttttttttttt##------------------------
----------------------##tttttttttttttttbtbtbt########b#############################btttttttbttttt########b#############################ttttttttttttttttttt##------------------------
----------------------##ttttttttttttttbtttbtttttttttbttttttttttttttttttttttttttttttbttttttttbtttttttttttbttttttttttttttttttttttttttttttttttttttttttttttttt##------------------------
----------------------##tttttttttttttbtttttbtttttttbtttttttttttttttttttttttttttttttbtttttttttbtttttttttbtttttttttttttttttttttttttttbbbbbbbbbbbbbtttttttttt##------------------------
----------------------##ttttttttttttbtttttttbtttttbttttttttttttttttttttttttttttttttbttttttttttbtttttttbtttttttttttttttttttttttttttbttttttttttttttttttttttt##------------------------
----------------------##tttttttttttbtttttttttbtttbtttttttttttttttttttttttttttttttttbtttttttttttbtttttbtttttttttttttttttttttttttttbtttttttttttttttttttttttt##------------------------
----------------------##ttttttttttbtttttttttttbtbttttttttttttttttttttttttttttttttttbttttttttttttbtttbtttttttttttttttttttttttttttbttttttttttttttttttttttttt##------------------------
----------------------##tttttttttbtttttttttttttbtttttttttttttttttttttttttttttttttttbtttttttttttttbtbtttttttttttttttttttttttttttbtbtttttttttttttttttttttttt##------------------------
----------------------##ttttttttbtttttttttttttttbttttttttttttttttttttttttttttttttttbttttttttttttttbtttttttttttttttttttttttttttbtttbttttttttttttttttttttttt##------------------------
----------------------##tttttttbttttttttttttttttbttttttttttttttttttttttttttttttttttbtttttttttttttttbtttttttttttttttttttttttttbtttttbtttttttttttttttttttttt##------------------------
----------------------##tttttttbttttttttttttttttbttttttttttttttttttttttttttttttttttbttttttttttttttttbtttttttttttttttttttttttbtttttttbttttttttttttttttttttt##------------------------
----------------------##tttttttbttttttttttttttttbttttttttttttttttttttttttttttttttttbtttttttttttttttttbbbbbbbbbbbbbbbbbbbbbbbtttttttttbtttttttttttttttttttt##------------------------
----------------------##tttttttbtttttttttttttttttbtttttttttttttttttbtttttttttttttttbttttttttttttttttbtttttbtttttttttttttttttttttttttttbttttttttttttttttttt##------------------------
----------------------##tttttttbttttttttttttttttttbtttttttttttttttbttttttttttttttttbtttttttttttttttbtttttttbtttttttttttttttttttttttttttbtttttttttttttttttt##------------------------
----------------------###ttttttbtttttttttttttttttttbtttttttttttttbtttttttttttttttttbttttttttttttttbtttttttttbtttttttttttttttttttttttttttbtttttttbbbbtttt####------------------------
----------------------######tttbttttttttttttttttttttbtttttttttttbttttttttttttttttttbtttttttttttttbtbtttttttttbtttttttttttttttttttttttttttbtttttbttttbt######------------------------
----------------------########btttttttttttttttttttttbbtttttttttbtttttttttttttttttttbttttttttttttbtttbtttttttttbttttttttttttttttttttttttttbttttbttttt#######-------------------------
--------------------------#####btttttttttttttttttttbbtbtttttttbttttttttttttttttttttbtttttttttttbtttttbtttttttttbtttttttttttttttttttttttttbtttbttttt#####----------------------------
----------------------------####btttttttttttttttttbtbttbtttttbtttttttttttttttttttttbttttttttttbtttttttbtttttttttbttttttttttttttttttttttttbttbtttt####-------------------------------
------------------------------###btttttttttttttttbttbtttbtttbtttttttttttttttttttttbbttttttttttbttttttttbtttttttttbtttttttttttttttttttttttbtbtttt####--------------------------------
-------------------------------###btttttttttttttbtttbttttbtbttttttttttttttttttttttttttttttttttbtttttttttbtttttttttbtttttttttttttttttttttttbttttt###---------------------------------
--------------------------------###btttttttttttbttttbtttttbtttttttttttttttttttttttttttttttttttbttttttttttbtttttttttbtttttttttttttttttttttttbttt###----------------------------------
---------------------------------###ttttttttttbtttttbttttttbttttttttttttttttttttttttttttttttttbttttttttttbttttttttttbtttttttttttttttttttttttbt###-----------------------------------
----------------------------------##tttttttttbtbttttb#######b#################################################################tttttttttttttttb##------------------------------------
----------------------------------###tttttttbttbttttb########b################################################################ttttttttttttttb##-------------------------------------
-----------------------------------##ttttttbttttttttbtttttttttbttttttttttttttttttttttttttttttttttttttttttttttttttttttttttttttttttttttttttttbt##-------------------------------------
------------------------------------##ttttbtttttttttbttttttttttbttttttttttttttttttttttttttttttttttttttttttttttttttttttttttttttttttttttttttbt##--------------------------------------
------------------------------------##ttbbttttttttttbtttttttttttbttttttttttttttttttttttttttttttttttttttttttttttttttttttttttttttttttttttttbtt##--------------------------------------
-------------------------------------##bttttttttttttbttttttttttttbttttttttttttttttttttttttttttttttttttttttttttttttttttttttttttttttttttttbtt##---------------------------------------
-------------------------------------##tbtttttttttttbtttttttttttttbtttttttttttttttttttttttttttttttttttttttttttttttttttttttttttttttttttttbtt##---------------------------------------
-------------------------------------##ttbttttttttttbttttttttttttttbttttttttttttttttttttttttttttttttttttttttttttttttttttttttttttttttttttbt##----------------------------------------
--------------------------------------##tbttttttttttbtttttttttttttttbttttttttttttttttttttttttttttttttttttttttttttttttttttttttttttttttttttb##----------------------------------------
--------------------------------------##tbttttttttttbttttttttttttttttbtttttttttttttttttttttttttttttttttttttttttttttttttttttttttttttttttttt##----------------------------------------
---------------------------------------#tbttttttttttbtttttttttttttttttbttttttttttttttttttttttttttttttttttttttttttttttttttttttttttttttttttt#-----------------------------------------
---------------------------------------##bttttttttttbttttttttttttttttttbbbbbbbbbbbbbbbbbbbbbbbbbbbbbbbbbbbbbbbbbbtttttttttttttttttttttttt##-----------------------------------------
---------------------------------------##ttttttttttbttttttttttttttttttbtbtttttttttttttttbttttttttttttttttttttttttbtttttttttttbttttttttttt##-----------------------------------------
---------------------------------------##tttttttttbttttttttttttttttttbtttbtttttttttttttttbttttttttttttttttttttttttbbbbbbbbbbbbttttttttttt##-----------------------------------------
---------------------------------------##tttttttttbtttttttttttttttttbtttttbtttttttttttttttbttttttttttttttttttttttbttttttttttttttttttttttt#------------------------------------------
----------------------------------------#tttttttttbttttttttttttttttbtttttttbtttttttttttttttbttttttttttttttttttttbtttttttttttttttttttttttt#------------------------------------------
----------------------------------------##tttttttbbtttttttttttttttbtttttttttbtttttttttttttttbttttttttttttttttttbtttttttttttttttttttttttt##------------------------------------------
----------------------------------------##ttttttbtbtttttttttttttttbttttttttttbtttttttttttttttbttttttttttttttttbttttttttttttttttttttttttt##------------------------------------------
----------------------------------------##tttttbttbtttttttttttttttbtttttttttttbtttttttttttttttbttttttttttttttbtttttttttttttttttttttttttt##------------------------------------------
----------------------------------------##ttttbtttbtttttttttttttttbttttttttttttbtttttttttttttttbtttttttttttttbtttttttttttttttttttttttttt##------------------------------------------
----------------------------------------##tttbttttbtttttttttttttttbtttttttttttttbtttttttttttttttbttttttttttttbtttttttttttttttttttttttttt##------------------------------------------
----------------------------------------##ttbtttttbtttttttttttttttbttttttttttttttbtttttttttttttttbtttttttttttbtttttttttttttttttttttttttt##------------------------------------------
-----------------------------------------#tbttttttbtttttttttttttttbtttttttttttttttbtttttttttttttttbttttttttttbtttttttttttttttttttttttttt#-------------------------------------------
-----------------------------------------#bttttttttttttttttttttttttttttttttttttttttttttttttttttttttttttttttttttttttttttttttttttttttttttt#-------------------------------------------
-----------------------------------------################################################################################################-------------------------------------------
-----------------------------------------################################################################################################-------------------------------------------
-----------------------------------------################################################################################################-------------------------------------------
------------------------------------------------------------------------------------------------------------------------------------------------------------------------------------
------------------------------------------------------------------------------------------------------------------------------------------------------------------------------------
------------------------------------------------------------------------------------------------------------------------------------------------------------------------------------
------------------------------------------------------------------------------------------------------------------------------------------------------------------------------------
------------------------------------------------------------------------------------------------------------------------------------------------------------------------------------
------------------------------------------------------------------------------------------------------------------------------------------------------------------------------------
------------------------------------------------------------------------------------------------------------------------------------------------------------------------------------
------------------------------------------------------------------------------------------------------------------------------------------------------------------------------------
------------------------------------------------------------------------------------------------------------------------------------------------------------------------------------
------------------------------------------------------------------------------------------------------------------------------------------------------------------------------------
------------------------------------------------------------------------------------------------------------------------------------------------------------------------------------
------------------------------------------------------------------------------------------------------------------------------------------------------------------------------------
------------------------------------------------------------------------------------------------------------------------------------------------------------------------------------
------------------------------------------------------------------------------------------------------------------------------------------------------------------------------------
------------------------------------------------------------------------------------------------------------------------------------------------------------------------------------
------------------------------------------------------------------------------------------------------------------------------------------------------------------------------------
------------------------------------------------------------------------------------------------------------------------------------------------------------------------------------
------------------------------------------------------------------------------------------------------------------------------------------------------------------------------------
------------------------------------------------------------------------------------------------------------------------------------------------------------------------------------
------------------------------------------------------------------------------------------------------------------------------------------------------------------------------------
------------------------------------------------------------------------------------------------------------------------------------------------------------------------------------
